                              1 ;--------------------------------------------------------
                              2 ; File Created by SDCC : free open source ANSI-C Compiler
                              3 ; Version 3.8.0 #10562 (Linux)
                              4 ;--------------------------------------------------------
                              5 	.module cpu
                              6 	.optsdcc -mz80
                              7 	
                              8 ;--------------------------------------------------------
                              9 ; Public variables in this module
                             10 ;--------------------------------------------------------
                             11 	.globl _cpu_reset
                             12 	.globl _cpu_nop
                             13 	.globl _delay
                             14 ;--------------------------------------------------------
                             15 ; special function registers
                             16 ;--------------------------------------------------------
                             17 ;--------------------------------------------------------
                             18 ; ram data
                             19 ;--------------------------------------------------------
                             20 	.area _DATA
                             21 ;--------------------------------------------------------
                             22 ; ram data
                             23 ;--------------------------------------------------------
                             24 	.area _INITIALIZED
                             25 ;--------------------------------------------------------
                             26 ; absolute external ram data
                             27 ;--------------------------------------------------------
                             28 	.area _DABS (ABS)
                             29 ;--------------------------------------------------------
                             30 ; global & static initialisations
                             31 ;--------------------------------------------------------
                             32 	.area _HOME
                             33 	.area _GSINIT
                             34 	.area _GSFINAL
                             35 	.area _GSINIT
                             36 ;--------------------------------------------------------
                             37 ; Home
                             38 ;--------------------------------------------------------
                             39 	.area _HOME
                             40 	.area _HOME
                             41 ;--------------------------------------------------------
                             42 ; code
                             43 ;--------------------------------------------------------
                             44 	.area _CODE
                             45 ;api/cpu.c:29: void cpu_reset()
                             46 ;	---------------------------------
                             47 ; Function cpu_reset
                             48 ; ---------------------------------
   0000                      49 _cpu_reset::
                             50 ;api/cpu.c:33: __endasm;
   0000 C3 00 00      [10]   51 	jp	0x0000
                             52 ;api/cpu.c:34: }
   0003 C9            [10]   53 	ret
                             54 ;api/cpu.c:36: void cpu_nop()
                             55 ;	---------------------------------
                             56 ; Function cpu_nop
                             57 ; ---------------------------------
   0004                      58 _cpu_nop::
                             59 ;api/cpu.c:40: __endasm;
   0004 00            [ 4]   60 	nop
                             61 ;api/cpu.c:41: }
   0005 C9            [10]   62 	ret
                             63 ;api/cpu.c:43: void delay(uint16_t t)
                             64 ;	---------------------------------
                             65 ; Function delay
                             66 ; ---------------------------------
   0006                      67 _delay::
                             68 ;api/cpu.c:46: for(i = 0; i < t; i++)
   0006 01 00 00      [10]   69 	ld	bc, #0x0000
   0009                      70 00103$:
   0009 21 02 00      [10]   71 	ld	hl, #2
   000C 39            [11]   72 	add	hl, sp
   000D 79            [ 4]   73 	ld	a, c
   000E 96            [ 7]   74 	sub	a, (hl)
   000F 78            [ 4]   75 	ld	a, b
   0010 23            [ 6]   76 	inc	hl
   0011 9E            [ 7]   77 	sbc	a, (hl)
   0012 D0            [11]   78 	ret	NC
                             79 ;api/cpu.c:50: __endasm;
   0013 00            [ 4]   80 	nop
                             81 ;api/cpu.c:46: for(i = 0; i < t; i++)
   0014 03            [ 6]   82 	inc	bc
                             83 ;api/cpu.c:52: }
   0015 18 F2         [12]   84 	jr	00103$
                             85 	.area _CODE
                             86 	.area _INITIALIZER
                             87 	.area _CABS (ABS)
